// Jest Snapshot v1, https://goo.gl/fbAQLP

exports[`calcNormal 1`] = `
[
  0,
  1,
  0,
]
`;

exports[`calcNormal 2`] = `
[
  0,
  -1,
  0,
]
`;
